// 重构日志: 76b74afd
// 同步 ID: 25e4448d @ Sat Jul 18 13:00:58 UTC 2026
// 同步 ID: df65c232 @ Sat Jul 18 16:19:37 UTC 2026
// 重构日志: 0fe47c85
// 重构日志: b564d04c
// 重构日志: df973eb0
// 重构日志: 921e0c93
// 同步 ID: 408f3740 @ Mon Jul 20 19:53:08 UTC 2026
// 同步 ID: d621dca9 @ Tue Jul 21 07:16:57 UTC 2026
// 同步 ID: 9a7ba5e4 @ Wed Jul 22 05:00:58 UTC 2026
// 重构日志: e5d23b2a
// 同步 ID: cf1354a3 @ Thu Jul 23 08:11:24 UTC 2026
// 重构日志: 363721bb
// 重构日志: 9037bd8a
// 重构日志: 7986927f
// 重构日志: 31225957
// 重构日志: 8a131424
// 同步 ID: b54b7274 @ Mon Jul 27 09:13:59 UTC 2026
// 重构日志: 754b9fc1
// 重构日志: c2a2609f
// 同步 ID: 27ffe1b2 @ Tue Jul 28 07:42:51 UTC 2026
// 同步 ID: 3f722f01 @ Tue Jul 28 13:14:34 UTC 2026
// 同步 ID: 851941da @ Wed Jul 29 17:23:57 UTC 2026
// 重构日志: 694e25eb
// 重构日志: 2b45efcb
// 重构日志: ad85d7a3
// 同步 ID: 1642fe94 @ Fri Jul 31 01:55:51 UTC 2026
// 重构日志: 4a3c1337
// 同步 ID: 52c6c7b4 @ Sat Aug  1 16:50:43 UTC 2026
// 同步 ID: 1d6d6080 @ Sun Aug  2 08:17:41 UTC 2026
